\BOOKMARK [0][-]{chapter*.3}{\376\377\000L\000i\000s\000t\000\040\000o\000f\000\040\000F\000i\000g\000u\000r\000e\000s}{}% 1
\BOOKMARK [0][-]{chapter.1}{\376\377\000I\000n\000t\000r\000o\000d\000u\000c\000t\000i\000o\000n}{}% 2
\BOOKMARK [0][-]{chapter.2}{\376\377\000A\000n\000\040\000O\000v\000e\000r\000v\000i\000e\000w\000\040\000o\000f\000\040\000t\000h\000e\000\040\000H\000y\000p\000e\000r\000s\000c\000a\000n\000\040\000E\000n\000g\000i\000n\000e}{}% 3
\BOOKMARK [1][-]{section.2.1}{\376\377\000C\000o\000m\000p\000i\000l\000a\000t\000i\000o\000n}{chapter.2}% 4
\BOOKMARK [1][-]{section.2.2}{\376\377\000E\000x\000e\000c\000u\000t\000i\000o\000n}{chapter.2}% 5
\BOOKMARK [1][-]{section.2.3}{\376\377\000T\000h\000e\000\040\000F\000D\000R\000\040\000M\000a\000t\000c\000h\000e\000r}{chapter.2}% 6
\BOOKMARK [1][-]{section.2.4}{\376\377\000R\000e\000l\000a\000t\000e\000d\000\040\000P\000r\000o\000b\000l\000e\000m\000s}{chapter.2}% 7
\BOOKMARK [2][-]{subsection.2.4.1}{\376\377\000O\000p\000t\000i\000m\000i\000z\000i\000n\000g\000\040\000r\000e\000g\000u\000l\000a\000r\000\040\000e\000x\000p\000r\000e\000s\000s\000i\000o\000n\000\040\000d\000e\000c\000o\000m\000p\000o\000s\000i\000t\000i\000o\000n}{section.2.4}% 8
\BOOKMARK [2][-]{subsection.2.4.2}{\376\377\000A\000n\000a\000l\000y\000s\000i\000s\000\040\000o\000f\000\040\000t\000h\000e\000\040\000F\000D\000R\000\040\000s\000t\000r\000i\000n\000g\000\040\000m\000a\000t\000c\000h\000e\000r}{section.2.4}% 9
\BOOKMARK [2][-]{subsection.2.4.3}{\376\377\000S\000t\000a\000t\000i\000s\000t\000i\000c\000s\000\040\000o\000f\000\040\000r\000e\000g\000u\000l\000a\000r\000\040\000e\000x\000p\000r\000e\000s\000s\000i\000o\000n\000s}{section.2.4}% 10
\BOOKMARK [0][-]{chapter.3}{\376\377\000T\000h\000e\000\040\000L\000e\000n\000g\000t\000h\000\040\000o\000f\000\040\000L\000o\000n\000g\000e\000s\000t\000\040\000L\000i\000t\000e\000r\000a\000l\000s}{}% 11
\BOOKMARK [1][-]{section.3.1}{\376\377\000L\000o\000w\000e\000r\000\040\000a\000n\000d\000\040\000u\000p\000p\000e\000r\000\040\000b\000o\000u\000n\000d\000s}{chapter.3}% 12
\BOOKMARK [1][-]{section.3.2}{\376\377\000A\000s\000y\000m\000p\000t\000o\000t\000i\000c\000s\000\040\000o\000f\000\040\000t\000h\000e\000\040\000l\000o\000w\000e\000r\000\040\000b\000o\000u\000n\000d\000\040\000r\000e\000c\000u\000r\000r\000e\000n\000c\000e}{chapter.3}% 13
\BOOKMARK [1][-]{section.3.3}{\376\377\000A\000s\000y\000m\000p\000t\000o\000t\000i\000c\000s}{chapter.3}% 14
\BOOKMARK [0][-]{appendix.A}{\376\377\000A\000p\000p\000e\000n\000d\000i\000x}{}% 15
\BOOKMARK [1][-]{section.A.1}{\376\377\000T\000h\000e\000\040\000S\000h\000i\000f\000t\000-\000O\000r\000\040\000a\000l\000g\000o\000r\000i\000t\000h\000m}{appendix.A}% 16
\BOOKMARK [1][-]{section.A.2}{\376\377\000B\000S\000T\000-\000l\000i\000k\000e\000\040\000d\000i\000s\000t\000r\000i\000b\000u\000t\000i\000o\000n\000s\000\040\000o\000f\000\040\000r\000e\000g\000u\000l\000a\000r\000\040\000e\000x\000p\000r\000e\000s\000s\000i\000o\000n\000\040\000t\000r\000e\000e\000s}{appendix.A}% 17
\BOOKMARK [1][-]{section.A.3}{\376\377\000B\000a\000s\000i\000c\000s\000\040\000o\000f\000\040\000M\000o\000n\000t\000e\000-\000C\000a\000r\000l\000o\000\040\000s\000i\000m\000u\000l\000a\000t\000i\000o\000n}{appendix.A}% 18
\BOOKMARK [1][-]{section.A.4}{\376\377\000R\000e\000m\000a\000i\000n\000i\000n\000g\000\040\000p\000r\000o\000o\000f\000s}{appendix.A}% 19
\BOOKMARK [2][-]{subsection.A.4.1}{\376\377\000L\000e\000m\000m\000a\000\040\0003\000.\0001\0003}{section.A.4}% 20
\BOOKMARK [0][-]{appendix.B}{\376\377\000B\000i\000b\000l\000i\000o\000g\000r\000a\000p\000h\000y}{}% 21
